Godot Engine v4.6.3.stable.official.7d41c59c4 - https://godotengine.org

{"checks":42,"failures":[],"seconds":21.347}
